CCS PCH C Compiler, Version 4.120, 5967               21-may.-15 10:24

               Filename: C:\Users\JANNIER\Documents\Proyectos Ingenieria\pinguino HACK\Pinguino JACSS\Ejemplos\1_Optoelectronicos\Led Blinking\Blinking LED.lst

               ROM used: 88 bytes (0%)
                         Largest free fragment is 24484
               RAM used: 5 (0%) at main() level
                         6 (0%) worst case
               Stack:    1 locations

*
2000:  GOTO   2030
.................... #include <18F4550.h> 
.................... //////// Standard Header file for the PIC18F4550 device //////////////// 
.................... #device PIC18F4550 
.................... #list 
....................  
.................... //#device ADC = 10 //Define la resolucion del ADC, comentar en caso de usar 8 
.................... #fuses HSPLL,NOWDT,NOPROTECT,NOLVP,NODEBUG,USBDIV,PLL5,CPUDIV1,VREGEN,NOPBADEN 
.................... #use delay(clock=48000000) 
*
2008:  CLRF   FEA
200A:  MOVLW  05
200C:  MOVWF  FE9
200E:  MOVF   FEF,W
2010:  BZ    202E
2012:  MOVLW  0F
2014:  MOVWF  01
2016:  CLRF   00
2018:  DECFSZ 00,F
201A:  BRA    2018
201C:  DECFSZ 01,F
201E:  BRA    2016
2020:  MOVLW  8F
2022:  MOVWF  00
2024:  DECFSZ 00,F
2026:  BRA    2024
2028:  NOP   
202A:  DECFSZ FEF,F
202C:  BRA    2012
202E:  RETURN 0
.................... #include <usb_bootloader.h> //Comenta esta línea si no usas Bootloader 
.................... /////////////////////////////////////////////////////////////////////////// 
.................... ////                                                                   //// 
.................... ////                     USB_BOOTLOADER.H                              //// 
.................... ////                                                                   //// 
.................... ////  This include file must be included by any application loaded     //// 
.................... ////  by the example USB bootloader (ex_usb_bootloader                 //// 
.................... ////                                                                   //// 
.................... ////  The directives in this file relocate the reset and interrupt     //// 
.................... ////  vectors as well as reserving space for the bootloader.           //// 
.................... ////                                                                   //// 
.................... ////  For more documentation see ex_usb_bootloader.c                   //// 
.................... ////                                                                   //// 
.................... /////////////////////////////////////////////////////////////////////////// 
.................... ////                                                                   //// 
.................... //// VERSION HISTORY                                                   //// 
.................... ////                                                                   //// 
.................... //// March 5th, 2009:                                                  //// 
.................... ////   Cleanup for Wizard.                                             //// 
.................... ////   PIC24 Initial release.                                          //// 
.................... ////                                                                   //// 
.................... /////////////////////////////////////////////////////////////////////////// 
.................... ////        (C) Copyright 1996,2009 Custom Computer Services           //// 
.................... //// This source code may only be used by licensed users of the CCS    //// 
.................... //// C compiler.  This source code may only be distributed to other    //// 
.................... //// licensed users of the CCS C compiler.  No other use,              //// 
.................... //// reproduction or distribution is permitted without written         //// 
.................... //// permission.  Derivative programs created using this software      //// 
.................... //// in object code form are not restricted in any way.                //// 
.................... /////////////////////////////////////////////////////////////////////////// 
....................  
.................... //how big is the bootloader? 
.................... //the bootloader will reside from address 0x0000 to this location.  the 
.................... //application will then sit at this location+1 to the end of program memory. 
.................... //#if defined(__DEBUG) 
.................... #define LOADER_SIZE        (0x1FFF) 
.................... //#else 
.................... //#define LOADER_SIZE        (0x17FF) 
.................... //#endif 
....................  
.................... //the loader and application need a common flag that determines if we are in 
.................... //the bootloader or application, that way the ISR knows where to go.  this 
.................... //is the location in ram that is reserved for this flag. 
.................... #define LOC_IN_LOADER_FLAG  0x25 
....................  
.................... //// --- end configuration --- //////////////////////////////////////////// 
....................  
.................... #reserve LOC_IN_LOADER_FLAG 
....................  
.................... int8 g_InBootloader; 
.................... #locate g_InBootloader=LOC_IN_LOADER_FLAG 
....................  
.................... #define LOADER_START       (0) 
.................... #define LOADER_END         (LOADER_SIZE) 
.................... #define APPLICATION_START  (LOADER_SIZE+1) 
.................... #if defined(__USB_87J50__) 
....................  #define APPLICATION_END    (getenv("PROGRAM_MEMORY")-9) //configuration bits 
.................... #else 
....................  #define APPLICATION_END    (getenv("PROGRAM_MEMORY")-1) 
.................... #endif  
.................... #define APPLICATION_ISR    (APPLICATION_START+8) 
....................  
.................... #ifdef _bootloader 
....................  /* 
....................   Provide an empty application, so if you load this .HEX file into the pic 
....................   without an application this will prevent the pic from executing unknown code. 
....................  */ 
....................  #org APPLICATION_START,APPLICATION_START+0xF 
....................  void BlankApplication(void)  
....................  { 
....................    while(TRUE); 
....................  } 
....................  
....................  //we need to prevent the loader from using application space 
....................  #if (APPLICATION_END > 0x10000) 
....................    #org APPLICATION_START+0x10, 0xFFFF {} 
....................    #if (APPLICATION_END > 0x20000) 
....................       #org 0x10000, 0x1FFFF {} 
....................       #org 0x20000, APPLICATION_END {} 
....................    #else 
....................       #org 0x10000, APPLICATION_END {} 
....................    #endif 
....................  #else 
....................    #org APPLICATION_START+0x10, APPLICATION_END {} 
....................  #endif 
....................  
....................    #define  USB_CONFIG_PID       0x0034 
....................  
....................    #define USB_STRINGS_OVERWRITTEN 
....................    char USB_STRING_DESC_OFFSET[]={0,4,12}; 
....................  
....................    // Here is where the "CCS" Manufacturer string and "SERIAL DEMO" are stored. 
....................    // Strings are saved as unicode. 
....................    // These strings are mostly only displayed during the add hardware wizard. 
....................    // Once the operating system drivers have been installed it will usually display 
....................    // the name from the drivers .INF. 
....................    char const USB_STRING_DESC[]={ 
....................       //string 0 
....................             4, //length of string index 
....................             0x03, //USB_DESC_STRING_TYPE, //descriptor type 0x03 (STRING) 
....................             0x09,0x04,   //Microsoft Defined for US-English 
....................       //string 1  - manufacturer 
....................             8, //length of string index 
....................             0x03, //USB_DESC_STRING_TYPE, //descriptor type 0x03 (STRING) 
....................             'C',0, 
....................             'C',0, 
....................             'S',0, 
....................       //string 2 - product 
....................             30, //length of string index 
....................             0x03, //USB_DESC_STRING_TYPE, //descriptor type 0x03 (STRING) 
....................             'C',0, 
....................             'D',0, 
....................             'C',0, 
....................             ' ',0, 
....................             'B',0, 
....................             'o',0, 
....................             'o',0, 
....................             't',0, 
....................             'l',0, 
....................             'o',0, 
....................             'a',0, 
....................             'd',0, 
....................             'e',0, 
....................             'r',0 
....................    }; 
.................... #endif   //_bootloader 
....................  
.................... #ifndef _bootloader 
....................  //in the application, this moves the reset and isr vector out of the bootload 
....................  //space.  it then reserves the loader space from being used by the application. 
....................  #build(reset=APPLICATION_START, interrupt=APPLICATION_ISR) 
....................  #org 0, LOADER_END {} 
.................... #endif 
....................  
.................... //#include <Arduino Functions.c> 
.................... //#include <Cabecera JACSS.c>             //Incluye las librerias necesarias 
....................  
.................... #define ledPin Pin_A4               //Etiqueta al Pin_A4 con el nombre de ledPin 
....................  
.................... void main() 
.................... { 
2030:  CLRF   FF8
2032:  BCF    FD0.7
2034:  CLRF   FEA
2036:  CLRF   FE9
2038:  MOVF   FC1,W
203A:  ANDLW  C0
203C:  IORLW  0F
203E:  MOVWF  FC1
2040:  MOVLW  07
2042:  MOVWF  FB4
....................    while(true) 
....................    { 
....................       output_bit (ledPin, 0);    //Enciende el led 
2044:  BCF    F89.4
2046:  BCF    F92.4
....................       delay_ms(200);               //Espera 1 segundo 
2048:  MOVLW  C8
204A:  MOVWF  05
204C:  RCALL  2008
....................       output_bit (ledPin, 1);   //Apaga el led 
204E:  BSF    F89.4
2050:  BCF    F92.4
....................       delay_ms(200);               //Espera 1 segundo 
2052:  MOVLW  C8
2054:  MOVWF  05
2056:  RCALL  2008
....................    } 
2058:  BRA    2044
.................... } 
205A:  SLEEP 

Configuration Fuses:
   Word  1: CE24   PLL5 CPUDIV1 USBDIV HSPLL FCMEN IESO
   Word  2: 1E3E   PUT BROWNOUT BORV20 VREGEN NOWDT WDT32768
   Word  3: 8500   CCP2C1 NOPBADEN LPT1OSC MCLR
   Word  4: 00A1   STVREN NOLVP ICSP2 NOXINST NODEBUG
   Word  5: C00F   NOPROTECT NOCPB NOCPD
   Word  6: E00F   NOWRT NOWRTC NOWRTB NOWRTD
   Word  7: 400F   NOEBTR NOEBTRB
